Text
---------------------------------------------------------------------------------------------------------------------------------------------------------------------------------------------------------------------------------------------------------------
CREATE trigger [dbo].[VAR_TU_PRODUTOS_BARRA] 
on [dbo].[PRODUTOS_BARRA]
  for UPDATE NOT FOR REPLICATION
  as
begin
  declare  @numrows int,
           @errno   int,
           @errmsg  varchar(255)

  select @numrows = @@rowcount

/*---LINX-INSERT-------
--------------------------------------------------------------------------------*/
IF UPDATE(TIPO_COD_BAR)
BEGIN
	UPDATE 	PRODUTOS_BARRA 
	SET 	TIPO_COD_BAR=0 
	FROM 	PRODUTOS_BARRA, INSERTED
	WHERE 	PRODUTOS_BARRA.CODIGO_BARRA = INSERTED.CODIGO_BARRA 
		
AND INSERTED.NOME_CLIFOR IS NOT NULL 
		AND INSERTED.CODIGO_BARRA NOT LIKE '789%'
END
/*-----------------------------------------------------------------------------------------------------*/

 return
error:
    raiserror @errno @errmsg
    rollback trans
action
end

